// Vitest Snapshot v1, https://vitest.dev/guide/snapshot.html

exports[`table formatting > ANSI colored text > should handle word wrapping with colored text 1`] = `
"┌───────┬─────────┐
│ [31mHello[0m │ [34mI [34mam[0m    │
│ [31mhow[0m   │ [34mfine[0m    │
│ [31mare[0m   │ [34mthanks![0m │
│ [31myou?[0m  │         │
└───────┴─────────┘"
`;

exports[`table formatting > unicode and CJK text > should handle CJK text with truncation 1`] = `
"┌────────┬───────────┬─────┐
│ foobar │ English … │ baz │
├────────┼───────────┼─────┤
│ foobar │ 中文测试  │ baz │
├────────┼───────────┼─────┤
│ foobar │ 日本語テ… │ baz │
├────────┼───────────┼─────┤
│ foobar │ 한국어테… │ baz │
└────────┴───────────┴─────┘"
`;
