// Vitest Snapshot v1, https://vitest.dev/guide/snapshot.html

exports[`table formatting > aNSI colored text > should handle word wrapping with colored text 1`] = `
"┌─────────┬─────────┐
│ [31mHello[39m   │ [34mI am[39m    │
│ [31mhow are[39m │ [34mfine[39m    │
│ [31myou?[39m    │ [34mthanks![39m │
└─────────┴─────────┘"
`;

exports[`table formatting > unicode and CJK text > should handle CJK text with truncation 1`] = `
"┌────────┬───────────┬─────┐
│ foobar │ English … │ baz │
├────────┼───────────┼─────┤
│ foobar │ 中文测试  │ baz │
├────────┼───────────┼─────┤
│ foobar │ 日本語テ… │ baz │
├────────┼───────────┼─────┤
│ foobar │ 한국어테… │ baz │
└────────┴───────────┴─────┘"
`;
