// Vitest Snapshot v1, https://vitest.dev/guide/snapshot.html

exports[`line-usage/section-content > should render content: { options: object, data: string[][]|string[] } 1`] = `
" test1…  test1… 
 test1…  test1… 
 test1…                                          
"
`;
