// Vitest Snapshot v1, https://vitest.dev/guide/snapshot.html

exports[`validateAdapterMethods > should throw a error for a invalid adapter 1`] = `"Adapter must implement the \\"create\\" method."`;
