// Jest Snapshot v1, https://goo.gl/fbAQLP

exports[`DiskStorageWithChecksum should support checksum resume from fs 1`] = `
File {
  "bytesWritten": 0,
  "contentType": "video/mp4",
  "createdAt": "2022-02-02T00:00:00.000Z",
  "expiredAt": "2022-02-02T01:00:00.000Z",
  "id": "e8fed598250d10ea-7f59007b4b7cf67-120941ca7dc37b78",
  "metadata": {
    "custom": "",
    "lastModified": 1635398061454,
    "mimeType": "video/mp4",
    "name": "testfile.mp4",
    "sha1": "ZAPAntzKARqtb+j3B529GAOf3kI=",
    "size": 64,
  },
  "name": "anonymous/testfile.mp4",
  "originalName": "testfile.mp4",
  "size": 64,
  "status": "created",
}
`;

exports[`DiskStorageWithChecksum should support checksum resume from fs 2`] = `
{
  "bytesWritten": 5,
  "contentType": "video/mp4",
  "createdAt": "2022-02-02T00:00:00.000Z",
  "expiredAt": "2022-02-02T01:00:00.000Z",
  "hash": {
    "algorithm": "sha1",
    "value": "11904a4e8b77f6242e2d288705023adad00a9310",
  },
  "id": "e8fed598250d10ea-7f59007b4b7cf67-120941ca7dc37b78",
  "metadata": {
    "custom": "",
    "lastModified": 1635398061454,
    "mimeType": "video/mp4",
    "name": "testfile.mp4",
    "sha1": "ZAPAntzKARqtb+j3B529GAOf3kI=",
    "size": 64,
  },
  "name": "anonymous/testfile.mp4",
  "originalName": "testfile.mp4",
  "size": 64,
  "status": "part",
}
`;
