[9m[96m[40mWorks with [49m[39m[29m[9m[96m[40m[0m[1mnumbers[22m[0m[49m[39m[29m[9m[96m[40m [49m[39m[29m[9m[96m[40m[1m[31m1[39m[22m[49m[39m[29m