[1mHello, [22m[1m[36mWorld![39m[22m[1m This is a[22m test. [32mWoo![39m