[31m[42m[1mHello [22m[49m[39m[31m[42m[1m[3m[34mSindre[39m[23m[22m[49m[39m