[1mHello, [22m[1m[36m[7mSindre![27m[39m[22m[1m This is a[22m test. [32mNeat![39m