// Vitest Snapshot v1, https://vitest.dev/guide/snapshot.html

exports[`fullscreen option > fullscreen option + height 1`] = `
"┌──────────────────────────────────────────────────────────────────────────────┐
│foo                                                                           │
│                                                                              │
│                                                                              │
│                                                                              │
│                                                                              │
│                                                                              │
│                                                                              │
│                                                                              │
└──────────────────────────────────────────────────────────────────────────────┘"
`;

exports[`fullscreen option > fullscreen option + width 1`] = `
"┌────────┐
│foo     │
│        │
│        │
│        │
│        │
│        │
│        │
│        │
│        │
│        │
│        │
│        │
│        │
│        │
│        │
│        │
│        │
│        │
│        │
│        │
│        │
│        │
└────────┘"
`;

exports[`fullscreen option > fullscreen option 1`] = `
"┌──────────────────────────────────────────────────────────────────────────────┐
│foo                                                                           │
│                                                                              │
│                                                                              │
│                                                                              │
│                                                                              │
│                                                                              │
│                                                                              │
│                                                                              │
│                                                                              │
│                                                                              │
│                                                                              │
│                                                                              │
│                                                                              │
│                                                                              │
│                                                                              │
│                                                                              │
│                                                                              │
│                                                                              │
│                                                                              │
│                                                                              │
│                                                                              │
│                                                                              │
└──────────────────────────────────────────────────────────────────────────────┘"
`;

exports[`fullscreen option > fullscreen option with callback 1`] = `
"┌───┐
│foo│
└───┘"
`;
